// Jest Snapshot v1, https://goo.gl/fbAQLP

exports[`config should match snapshot 1`] = `
{
  "extends": "lighthouse:default",
  "settings": {
    "maxWaitForFcp": 15000,
    "maxWaitForLoad": 35000,
    "skipAudits": [
      "uses-http2",
    ],
  },
}
`;
