// Jest Snapshot v1, https://goo.gl/fbAQLP

exports[`options should match snapshot 1`] = `
{
  "chromeFlags": [
    "--disable-dev-shm-usage",
    "--headless",
    "--no-sandbox",
    "--ignore-certificate-errors",
  ],
  "port": 4000,
}
`;
